Building Windows application...                                 
flutter : Nuget.exe not found, trying to download or use cached version.
At line:1 char:85
+ ... \photo_organizer_app" ; flutter build windows 2>&1 > build_output.txt
+                             ~~~~~~~~~~~~~~~~~~~~~~~~~~~~~~~~~~~~~~~~~~~~~
    + CategoryInfo          : NotSpecified: (Nuget.exe not f...cached version. 
   :String) [], RemoteException
    + FullyQualifiedErrorId : NativeCommandError
 
Nuget.exe not found, trying to download or use cached version.
Building Windows application...                                    59,3s
ÔêÜ Built build\windows\x64\runner\Release\photo_organizer_app.exe
